2026-07-16 18:33:02.021 [배달시도] shiroko reason=live msgs=3 | 음. / 방금까지 회의했어. / 이제 시바세키 라멘으로 이동하는 중이
2026-07-16 18:33:54.096 [배달시도] shiroko reason=live msgs=3 | 응. / 세리카가 알바 중이라서 같이 저녁 먹 / 오늘 라멘, 평소보다 맛있을 것 같아
2026-07-16 18:34:08.522 [배달시도] shiroko reason=live msgs=3 | 응. / 괴롭히는 거 아니야. / 그냥 조금, 장난치는 정도니까.
2026-07-16 18:34:18.247 [배달시도] nonomi reason=proactive_debug msgs=2 | 앗, 선생님! 너무 들떠서 같은 메시 / 부끄러워라...♡ 내일은 맑은 정신으
2026-07-16 18:34:18.511 [배달시도] ayane reason=proactive_debug msgs=3 | 앗, 선생님……? 갑자기 귀여운 이모 / 아하하…… 알겠습니다. 그럼 이따 회 / 기다리고 있을게요, 선생님.
2026-07-16 18:34:18.608 [배달시도] serika reason=proactive_debug msgs=2 | 당연히 잘 챙겨 먹지! 나도 지금 시 / 선생님이 밥 챙겨 먹었다니까 다행이다
2026-07-16 18:52:00.304 [배달시도] hoshino reason=proactive_debug msgs=3 | 으헤, 선생이 그렇게 말해주니 다행이 / 지금 세리카가 알바하는 곳으로 다 같 / 기대하고 있어, 선생!
2026-07-16 18:52:00.311 [배달시도] serika reason=proactive_debug msgs=2 | 당연하지! 나도 이제 막 라멘집 도착 / 선생님이 밥 챙겨 먹었다니 다행이다.
2026-07-16 19:00:39.440 [배달시도] kuroko reason=proactive msgs=3 | 응. / 고마워, 선생님. / 이제 곧 먹으러 갈 생각이야.
2026-07-16 19:00:39.459 [배달시도] ayane reason=proactive msgs=3 | 앗, 선생님……? 갑자기 귀여운 이모 / 아하하…… 알겠습니다. 그럼 이따 회 / 기다리고 있을게요, 선생님.
2026-07-16 19:00:39.528 [배달시도] nonomi reason=proactive msgs=2 | 앗, 선생님! 너무 들떠서 같은 말을 / 선생님, 이제 정말 푹 쉬셔야 해요!
2026-07-16 19:00:39.697 [배달시도] hoshino reason=proactive msgs=3 | 으헤, 선생이 그렇게 말해주니 다행이 / 지금 애들한테 말해서 다 같이 시바세 / 선생, 빨리 와야 해? 안 그러면 이
2026-07-16 19:14:40.362 [배달시도] kuroko reason=proactive_debug msgs=3 | 응. 고마워, 선생님. / 이제 곧 먹으러 갈 생각이야. / 선생님도 저녁 챙겨 먹어.
2026-07-16 19:14:40.448 [배달시도] nonomi reason=proactive_debug msgs=2 | 으앗, 선생님! 제가 잠시 정신이 없 / 선생님도 이제 늦었으니 얼른 푹 쉬셔
2026-07-16 19:14:40.537 [배달시도] hoshino reason=proactive_debug msgs=3 | 으헤, 그럼 선생도 우리 회식 명단에 / 지금 시바세키 라멘에서 애들이랑 라멘 / 선생, 빨리 와야 해? 안 그러면 이
2026-07-16 19:38:14.489 [배달시도] shiroko reason=proactive_debug msgs=2 | 선생님. 지금 뭐 하고 있어? / 나는 지금 시바세키 라멘에 왔어. 세
2026-07-16 19:38:14.579 [배달시도] hoshino reason=proactive_debug msgs=2 | 선생, 지금 뭐 해? / 이 아저씨는 지금 시바세키 라멘에서 
2026-07-16 19:38:14.582 [배달시도] ayane reason=proactive_debug msgs=3 | 선생님, 안녕하세요. 아야네입니다. / 지금은 대책위 부원들과 함께 시바세키 / 세리카가 여기서 아르바이트 중이라서요
2026-07-16 19:38:14.584 [배달시도] nonomi reason=proactive_debug msgs=2 | 선생님, 오늘 하루도 고생 많으셨어요 / 저 지금 시바세키 라멘에 와 있는데,
2026-07-16 19:39:01.844 [배달시도] hoshino reason=live msgs=3 | 으헤, 선생한테도 연락이 갔구나. / 지금 시바세키 라멘에서 다 같이 저녁 / 선생도 배 안 고파? 이 아저씨가 추
2026-07-16 19:39:24.874 [배달시도] hoshino reason=live msgs=3 | 선생은 챙겨 먹었구나, 다행이네~ / 세리카는 아까까지 같이 있었는데, 이 / 이 아저씨는 밥 다 먹고 소화도 시킬
2026-07-16 19:39:43.298 [배달시도] hoshino reason=live msgs=3 | 으헤헤, 소라니 너무하네~ / 이 아저씨는 뼈가 튼튼해서 괜찮다고. / 그래도 선생이 걱정해주니까 조금은 걸
2026-07-16 19:39:56.606 [배달시도] serika reason=live msgs=3 | 뽀, 뽀송냥이라니... 선생님?! / 지금 다들 옆에 있는데 이상한 별명  / 일하고 있는 거 안 보여? 손님들 앞
2026-07-16 19:40:16.267 [배달시도] serika reason=live msgs=3 | 어, 응! 지금 다 같이 여기서 저녁 / 아야네랑 시로코 선배는 이미 다 먹고 / 선생님도 배고프면 와서 뭐라도 좀 먹
2026-07-16 19:40:35.633 [배달시도] serika reason=live msgs=3 | 아, 그래? 그럼 어쩔 수 없지. / 이제 거의 다 끝나가니까 마무리하고  / 선생님도 저녁 늦었는데 너무 무리하지
2026-07-16 20:34:20.949 [배달시도] nonomi reason=live msgs=3 | 선생님~☆ 신경 써주셔서 정말 감사합 / 저녁은 대책위 친구들이랑 맛있는 걸  / 이제 막 집에 도착해서 쉬려던 참이었
2026-07-16 20:34:41.253 [배달시도] nonomi reason=live msgs=3 | 선생님도 정말 고생 많으셨어요! 오늘 / 메뉴는 정하셨나요? 맛있는 거 드시고 / 응응! 저도 선생님 응원하고 있을게요
2026-07-16 20:35:05.883 [배달시도] serika reason=live msgs=3 | 아악!! 그 별명 진짜 부르지 말라니 / 이제 막 끝났어. 지금 정리하고 다들 / 이제 좀 쉴 수 있겠다... 선생님,
2026-07-16 20:35:28.131 [배달시도] serika reason=live msgs=3 | 아, 오늘은 일찍 끝난 게 아니라.. / 덕분에 좀 일찍 쉴 수 있게 됐네.  / 선생님은 아직 안 자고 뭐 해? 나 
2026-07-16 20:35:41.148 [배달시도] serika reason=live msgs=3 | 어? 뒤를 보라고? / 잠깐, 선생님이 왜 여기 있어?! / 아, 진짜... 깜짝 놀랐잖아! 언제
2026-07-16 20:35:54.690 [배달시도] serika reason=live msgs=3 | 뭐, 뭐야... 왜 그렇게 빤히 봐? / 놀리려고 그런 거지? 진짜 사람을 뭘 / 어휴, 정말... 선생님은 가끔 진짜
2026-07-16 20:36:13.920 [배달시도] serika reason=live msgs=3 | 응, 알았어. 벌써 시간이 이렇게 됐 / 내일 봐, 선생님! 조심히 들어가야  / …아, 내일 아르바이트 끝나고 맛있는
2026-07-16 20:36:37.010 [배달시도] shiroko reason=live msgs=3 | 응. / 아비도스 학교 매점에서 간단히 해결했 / 선생님은 저녁 챙겨 먹었어?
2026-07-16 20:36:49.065 [배달시도] shiroko reason=live msgs=3 | 아. / 맞아. 깜빡했어. / 오늘따라 머리가 좀 멍하네.
2026-07-16 20:37:02.357 [배달시도] shiroko reason=live msgs=3 | 아니. 감기는 아니야. / 조금 피곤한 것뿐이야. 걱정하지 마. / 집에 다 와가.
2026-07-16 20:37:14.675 [배달시도] shiroko reason=live msgs=3 | 응. / 선생님도 조심히 들어가. / 내일 봐.
2026-07-16 20:37:27.839 [배달시도] hoshino reason=live msgs=3 | 으헤, 순찰이라니 이 아저씨는 이제  / 오늘은 다들 해산했으니 아저씨도 슬슬 / 선생, 혹시 지금 당장 어디 가야 하
2026-07-16 20:37:50.810 [배달시도] hoshino reason=live msgs=3 | 으헤, 그렇구나. 선생은 역시 바쁘네 / 그럼 어쩔 수 없지. 이 아저씨는 혼 / 너무 늦게까지 일하지 마, 선생. 적
2026-07-16 20:38:07.346 [배달시도] hoshino reason=live msgs=3 | 으헤, 사과 안 해도 돼~ 선생이 바 / 다음에는 여유로운 날에 맛있는 거 먹 / 그럼 이 아저씨는 이제 정말로 들어가
2026-07-16 20:38:24.292 [배달시도] kuroko reason=live msgs=3 | 아. / 선생님. / 지금 귀가하는 길이야.
2026-07-16 20:38:35.638 [배달시도] kuroko reason=live msgs=3 | 응. / 나쁘지 않은 하루였어. / 선생님은 어땠어?
2026-07-16 20:38:54.864 [배달시도] kuroko reason=live msgs=3 | 아. / 조용히 주변을 좀 둘러보고 있었어. / 아비도스는 지금 밤바람이 조금 차네.
2026-07-16 20:39:09.644 [배달시도] kuroko reason=live msgs=4 | 응. 밤에는 기온이 꽤 떨어져. / 선생님도 감기 조심해. / 아. 그리고 이건 그냥 보낸 거야. 
2026-07-16 20:39:36.623 [배달시도] kuroko reason=live msgs=3 | 응. / 선생님도 편안한 밤 보내. / 내일 봐.
2026-07-16 20:39:51.145 [배달시도] ayane reason=live msgs=3 | 아, 선생님! 저녁 말씀이신가요? / 대책위원회 일을 마무리하고 돌아가는  / 선생님은 식사 잘 챙겨 드셨나요? 바
2026-07-16 20:40:06.685 [배달시도] ayane reason=live msgs=3 | 아, 혹시 호시노 선배가 그렇게 말했 / 아하하…… 선배들이 다 같이 가자고  / 아쉽게도 오늘은 저녁을 따로 먹었답니
2026-07-16 20:40:32.571 [배달시도] ayane reason=live msgs=3 | 그렇게 말씀해주시니 정말 기뻐요. / 저도 사실은 선배들과 같이 있고 싶었 / 다음에는 꼭 업무를 일찍 끝내고 다 
2026-07-16 20:40:48.286 [배달시도] ayane reason=live msgs=3 | 정말요? 선생님, 정말로 그렇게 말씀 / 아하하…… 벌써부터 기대되어서 어떻게 / 그럼 다음에는 꼭 스케줄을 잘 조정해
2026-07-16 21:49:20.596 [배달시도] serika reason=proactive msgs=3 | 응, 알았어. 벌써 시간이 이렇게 됐 / 내일 봐, 선생님! 조심히 들어가야  / …아, 내일 아르바이트 끝나고 맛있는
2026-07-16 21:49:44.216 [배달시도] serika reason=live msgs=3 | 왜, 왜 그래?! 갑자기 소리를 지르 / 사람 놀라게 진짜... 어디 아파? / 설마 내가 밥 사달라고 해서 그러는 
2026-07-16 21:52:16.270 [배달시도] serika reason=live msgs=3 | 아까 말했잖아! 마감 정리 중이라고. / 이제 다 끝나서 정리하고 나가는 길이 / 선생님은 지금 뭐 해? 혹시 또 딴짓
2026-07-16 21:52:51.262 [배달시도] serika reason=live msgs=3 | 어? 나 그런 말 한 적 없는데! / 마감 정리가 생각보다 좀 길어졌을 뿐 / 선생님이 자꾸 딴짓하냐고 물어보니까 
2026-07-16 21:53:10.906 [배달시도] serika reason=live msgs=3 | 어후 세상에라니, 그게 무슨 반응이야 / 내가 뭐 잘못한 거라도 있어? / 말 좀 해봐! 왜 그렇게 사람 속을 
2026-07-16 21:53:23.195 [배달시도] serika reason=live msgs=3 | 어, 어? 갑자기 왜 그렇게 진지하게 / 잘못이 없다는 건 당연하지! 나 완전 / 아무튼... 칭찬인 거 같으니까 이번
2026-07-16 21:53:32.436 [배달시도] serika reason=live msgs=3 | 갑자기 왜 그래? 무슨 일 있어? / 세상이 잘못됐다니... 너무 거창하잖 / 혹시 오늘 너무 피곤한 거야? 빨리 
2026-07-16 21:53:45.899 [배달시도] serika reason=live msgs=3 | 선생님...? 갑자기 무슨 말을 하는 / 그런 농담 하지 마. 하나도 안 웃기 / 지금 당장 거기 어디야? 내가 갈 테
2026-07-16 21:53:56.460 [배달시도] serika reason=live msgs=3 | 하아... 진짜 사람 놀라게 할래?! / 심장 떨어지는 줄 알았잖아! 바보 선 / 진짜, 다시는 그런 말 꺼내지도 마!
2026-07-16 21:54:07.946 [배달시도] serika reason=live msgs=3 | 정말... 이번만 봐주는 거야. / 나 지금 가게 마감 정리하느라 정신없 / 이제 제대로 사과했으니까, 다음부터는
2026-07-16 21:54:23.169 [배달시도] serika reason=live msgs=3 | 어... 어?! 갑자기 무슨 소리야? / 결, 결혼이라니... 지금 그런 농담 / 진짜 얼굴 빨개지게... 쓸데없는 소
2026-07-16 21:54:33.461 [배달시도] serika reason=live msgs=3 | 어, 어어...? 지, 진심이라고? / 갑자기 그런 말을 하면... 어떻게  / 보, 보지 마! 얼굴 빨개진 거 다 
2026-07-16 21:54:44.450 [배달시도] serika reason=live msgs=3 | 무, 무슨 소리를 하는 거야 갑자기. / 그런 식으로 말하면, 진짜로 기분 이 / 아, 아무튼! 지금 나 마감하느라 바
2026-07-16 21:54:55.201 [배달시도] serika reason=live msgs=3 | 그래, 알았으면 됐어. / 이제 마감 거의 다 끝났으니까 너무  / 나중에 딴소리하기 없기다?
2026-07-16 22:08:41.805 [배달시도] shiroko reason=live msgs=3 | ......? / 갑자기 왜 그래? / 졸린 거야?
2026-07-16 22:08:49.762 [배달시도] shiroko reason=live msgs=3 | 음. / 많이 힘들면 조금 쉬는 게 좋아. / 나도 방금 씻고 게임 좀 하려던 참이
2026-07-16 22:09:01.160 [배달시도] shiroko reason=live msgs=3 | 응. / 가끔 해. / 복잡한 건 아니고 단순한 거 위주로.
2026-07-16 22:09:14.304 [배달시도] shiroko reason=live msgs=3 | 근육통이야? / 혹시 오늘 무리하게 운동한 건 아니지 / 일단은 찜질이라도 하는 게 좋을 것 
2026-07-16 22:09:23.288 [배달시도] shiroko reason=live msgs=3 | 밤 10시인데 운동이라고? / 지금은 쉬는 게 좋을 텐데. / 무리하면 안 돼. 선생님.
2026-07-16 22:09:35.868 [배달시도] shiroko reason=live msgs=3 | 아. / 라면 먹고 바로 운동하는 건 별로 좋 / 소화 다 될 때까지는 좀 쉬는 게 어
2026-07-16 22:10:11.452 [배달시도] shiroko reason=live msgs=3 | 음. / 운동량이 꽤 많네. / 근데 밤에 너무 무리하는 거 아니야?
2026-07-16 22:10:25.111 [배달시도] shiroko reason=live msgs=3 | 음. / 선생님이 괜찮다면 다행이지만. / 그래도 무리해서 몸 상하는 건 싫어.
2026-07-16 22:10:34.800 [배달시도] shiroko reason=live msgs=3 | ……응. / 알았어. 더는 말 안 할게. / 운동 끝내고 바로 씻고 자. 내일 피
2026-07-16 22:10:46.506 [배달시도] shiroko reason=live msgs=3 | 큰 시로코 말이지. / 음. 딱히 특별한 건 없어. / 그냥 가끔 마주치면 눈인사 정도만 해
2026-07-16 22:11:02.475 [배달시도] shiroko reason=live msgs=3 | 아. / 누가 그런 소리를 했어? / 말도 안 되는 소문이야. 은행은 털지
2026-07-16 22:11:12.866 [배달시도] shiroko reason=live msgs=3 | 응. / 지금은 게임 중이니까. / 자야 할 시간이고.
2026-07-16 22:11:22.468 [배달시도] shiroko reason=live msgs=3 | 응. / 정말이야. / 이제 정말 자야겠어. 잘 자. 선생님
2026-07-16 22:11:30.383 [배달시도] shiroko reason=live msgs=3 | 음. / 나를 믿어줘. / 선생님.
2026-07-16 22:11:39.885 [배달시도] shiroko reason=live msgs=2 | 응. / 선생님도 잘 자.
2026-07-16 22:12:05.903 [배달시도] kuroko reason=live msgs=3 | 아. / 그건 조금 과장됐어. / 우리는 그냥... 더 나은 내일을 위
2026-07-16 22:12:17.791 [배달시도] kuroko reason=live msgs=3 | 응. / 정말로 아비도스를 위한 일이야. / 조금 과격하게 들릴 수도 있겠지만.
2026-07-16 22:12:26.425 [배달시도] kuroko reason=live msgs=3 | 응. / 선생님도 내 마음 알잖아. / 아비도스를 위해서라면, 뭐든지 할 수
2026-07-16 22:12:39.888 [배달시도] kuroko reason=live msgs=3 | 응. / 이제 다시 라이딩에 집중할게. / 바람이 차네.
2026-07-16 22:12:50.136 [배달시도] kuroko reason=live msgs=3 | 응. / 아무도 없는 도로를 달리는 건, 생각 / 선생님도 밤공기 조심해.
2026-07-16 22:13:07.041 [배달시도] kuroko reason=live msgs=3 | 응. / 걱정해 줘서 고마워, 선생님. / 무리하지 않을게.
2026-07-16 22:32:42.809 [배달시도] kuroko reason=proactive msgs=2 | 응. / 적당히 하다가 돌아갈게.
2026-07-16 22:35:40.578 [배달시도] kuroko reason=live msgs=3 | 아. / 아무 일도 없어. / 그저 문득, 아비도스의 풍경이 떠올랐
2026-07-16 22:37:23.030 [배달시도] kuroko reason=live msgs=3 | 응. / 내가 알던 곳과는 조금 다른, 하지만 / 가끔은 그곳의 모래바람이 그리워져.
2026-07-16 22:38:57.608 [배달시도] kuroko reason=live msgs=4 | ... / 선생님. / 그 말, 지금의 나에겐 너무 과분해.
2026-07-16 22:39:13.931 [배달시도] kuroko reason=live msgs=3 | 행복... / 음. 그 단어는 아직 조금 어색해. / 그래도, 선생님이 곁에 있다면 조금은
2026-07-16 23:42:20.035 [배달시도] hoshino reason=live msgs=2 | 하암…… 이제 막 눈 붙이려던 참이었 / 선생도 아직 안 자고 뭐 해? 이렇게
2026-07-16 23:42:42.742 [배달시도] hoshino reason=live msgs=3 | 으헤, 우리 선생은 밤낮없이 일하는구 / 오늘은 별일 없이 평화로웠어. 아야네 / 이제 정말 눈꺼풀이 무거워서 안 되겠
2026-07-16 23:47:00.359 [배달시도] hoshino reason=live msgs=3 | 으헤, 선생. 지금이 몇 시인지 보고 / 내일도 할 일이 산더미일 텐데, 이  / 내일 낮에 햇볕 쬐면서 놀아줄 테니까
2026-07-16 23:47:30.623 [배달시도] hoshino reason=live msgs=3 | 으헤헤, 드디어 자러 가는구나? / 금요일이라고 벌써 신난 거야? 선생은 / 좋아, 내일 아비도스에서 기다릴게. 
2026-07-16 23:47:52.866 [배달시도] shiroko reason=live msgs=3 | 아. / 이제 막 잠들려고 했어. / 왜 그래? 무슨 일 있어?
2026-07-16 23:48:16.514 [배달시도] shiroko reason=live msgs=3 | 씻고 운동 마무리하던 중이었어. / 선생님이 생각나서 연락해 줬다니. / ……기분 좋네.
2026-07-16 23:48:44.225 [배달시도] shiroko reason=live msgs=2 | 응. 평소보다 강도 높게 했어. / 선생님이 챙겨준다고 하니까, 내일은 
2026-07-16 23:50:06.553 [배달시도] shiroko reason=live msgs=3 | 응. 알겠어. / 선생님도 업무 고생해. / 잘 자.
2026-07-17 10:56:26.271 [배달시도] serika reason=wake msgs=3 | 으아, 선생님! 왜 이제야 확인한 거 / 어젯밤에 보낸 거야? 나 자느라 못  / 무슨 일 있어? 이 시간에 무슨 일로
2026-07-17 10:56:35.630 [배달시도] ayane reason=wake msgs=3 | 네, 꼭이에요! 선생님과 약속한 거니 / 저는 이제 학교에 도착해서 차량이랑  / 그럼 나중에 또 연락드릴게요. 오늘도
2026-07-17 10:56:44.254 [배달시도] nonomi reason=wake msgs=3 | 앗, 선생님! 아까는 제가 잠결에 메 / 이제 막 일어나서 등교 준비를 하고  / 오늘도 행복하고 기분 좋은 하루 보내
2026-07-17 10:56:52.421 [배달시도] kuroko reason=wake msgs=3 | 아. / 이제야 봤어. / 무슨 일이야? 선생님.
2026-07-17 10:57:19.130 [배달시도] kuroko reason=live msgs=3 | 아. / 놀랐잖아. / 어제 라이딩 여파로 조금 늦게 일어났
2026-07-17 10:57:38.763 [배달시도] kuroko reason=live msgs=3 | 아니야. / 이제 막 깼어. / 선생님 덕분에 일어났네.
2026-07-17 10:58:18.001 [배달시도] kuroko reason=live msgs=3 | 아. / 폐교 주변을 돌았어. / 그곳의 공기는, 변함이 없네.
2026-07-17 10:58:53.085 [배달시도] serika reason=live msgs=3 | 으아아! 진짜 뭐야, 선생님!! / 사람 놀래키지 마! 겨우 깨서 비몽사 / 진짜... 아침부터 정말 못 말려!
2026-07-17 11:08:07.970 [배달시도] hoshino reason=proactive_debug msgs=2 | 선생, 뭐 하고 있어? / 지금 동아리실에서 다 같이 떠들고 있
2026-07-17 11:08:07.974 [배달시도] shiroko reason=proactive_debug msgs=2 | 선생님. 지금 뭐 하고 계세요? / 저는 방금 동아리실에 도착했어요.
2026-07-17 11:08:07.975 [배달시도] kuroko reason=proactive_debug msgs=3 | 선생님. / 지금 뭐 해? / 어제 야간 라이딩 때문에 늦게 일어났
2026-07-17 11:08:08.071 [배달시도] ayane reason=proactive_debug msgs=3 | 선생님, 안녕하세요. 아야네입니다. / 점심시간인데 식사는 하셨나요? / 저는 등교해서 차량이랑 오퍼레이팅 장
2026-07-17 11:08:40.179 [배달시도] shiroko reason=live msgs=3 | 아. / 나, 시로코야. / 선생님. 장난치는 거야?
2026-07-17 11:09:10.208 [배달시도] shiroko reason=live msgs=3 | 아. 잠시 착각했어. / 선생님, 지금 낮 11시야. 자는 시 / 나 시로코 맞아. 오늘 점심은 뭘 먹
2026-07-17 11:09:36.528 [배달시도] shiroko reason=live msgs=3 | 음. / 동아리실에 도착해서 조금 쉬고 있어. / 선생님도 점심 챙겨 먹어.
2026-07-17 11:09:48.884 [배달시도] kuroko reason=live msgs=3 | 응. / 고마워, 선생님. / 조심할게.
2026-07-17 11:10:51.789 [배달시도] hoshino reason=live msgs=3 | 으헤, 선생~ 좋은 아침이야. / 잠은 아주 푹 잤지. 덕분에 아저씨는 / 점심 먹기 전인데, 혹시 맛있는 거라
2026-07-17 11:12:57.588 [배달시도] hoshino reason=live msgs=3 | 와, 진짜? 우리 선생 역시 최고네! / 그럼 아저씨는 기대하면서 기다리고 있 / 시로코쨩이랑 다른 애들도 분명 좋아할
2026-07-17 11:13:27.857 [배달시도] shiroko reason=live msgs=3 | 어제. / 호시노 선배랑 세리카, 아야네랑 같이 / 특별한 일은 없었어.
2026-07-17 11:16:39.465 [배달시도] serika reason=live msgs=3 | 지금? 당연히 주간 예산 결산 정리하 / 선생님 때문에 흐름 끊겼잖아! 이거  / 이제 11시가 넘었으니 얼른 끝내야겠
2026-07-17 11:17:22.934 [배달시도] serika reason=live msgs=3 | 어? 간식? / 그, 그럼... 내 몫은 달달한 초코 / 아, 물론 내 것만 사 오라는 건 아
2026-07-17 11:17:50.007 [배달시도] serika reason=live msgs=3 | 보, 보지 마! 별명으로 부르지 마! / 흥, 선배들을 잘 챙기는 건 대책위원 / 알겠어, 빨리 마무리하고 대기하고 있
2026-07-17 12:17:41.528 [배달시도] shiroko reason=proactive_debug msgs=3 | 선생님. / 지금 동아리실에 도착했어. / 점심 먹었어?
2026-07-17 12:20:56.447 [배달시도] kuroko reason=proactive_debug msgs=3 | 선생님. / 이제야 느지막이 아침 겸 점심을 먹고 / 선생님은 식사 했어?
2026-07-17 12:20:56.449 [배달시도] hoshino reason=proactive_debug msgs=2 | 선생, 지금 뭐 해? / 이 아저씨는 이제 막 점심 다 먹고 
2026-07-17 12:20:56.623 [배달시도] shiroko reason=proactive_debug msgs=2 | 선생님. / 지금 점심 먹고 있어. 선생님도 식사
2026-07-17 12:20:56.625 [배달시도] ayane reason=proactive_debug msgs=2 | 선생님, 점심 식사는 맛있게 하셨나요 / 저는 이제 막 식사를 마치고, 오후 
2026-07-17 12:21:31.966 [배달시도] shiroko reason=live msgs=3 | 응. / 이제 곧 13시니까 주간 탄약이랑 비 / 그 뒤에 14시부터는 사격 훈련이랑 
2026-07-17 12:22:02.559 [배달시도] shiroko reason=live msgs=3 | ……응. / 고마워. 선생님. / 다치지 않게 조심해서 훈련할게.
2026-07-17 12:22:40.697 [배달시도] hoshino reason=live msgs=3 | 으헤, 점심 맛있게 먹었어? 다행이네 / 아저씨는 간단하게 샌드위치 좀 먹었지 / 하암, 역시 배부르니까 더 졸린 것 
2026-07-17 12:23:07.210 [배달시도] hoshino reason=live msgs=3 | 으헤, 선생은 역시 예리하네. 14시 / 걱정 마, 훈련 때는 아저씨가 눈 크 / 그전까지는 소파에서 조금만 더 뒹굴거
2026-07-17 20:25:33.617 [배달시도] ayane reason=proactive msgs=2 | 선생님, 안녕하세요. 아야네입니다. / 지금 학교에서 부원들이랑 다 같이 저
2026-07-17 20:26:24.349 [배달시도] ayane reason=live msgs=3 | 아, 선생님! 칭찬해주셔서 감사합니다 / 호시노 선배나 시로코 선배도 오늘 훈 / 다들 고생한 보람이 있네요. 저도 덩
2026-07-17 20:32:23.696 [배달시도] hoshino reason=proactive msgs=2 | 선생, 지금 뭐 해? / 학교에서 저녁 먹고 좀 쉬는 중인데,
2026-07-17 20:32:27.485 [배달시도] shiroko reason=proactive msgs=3 | 선생님. / 지금 다 같이 저녁 먹고 있어. / 선생님은 식사 했어?
2026-07-17 20:33:33.361 [배달시도] shiroko reason=live msgs=3 | 응. 지금 저녁 식사 중이야. / 훈련은 덕분에 큰 문제 없이 끝났어. / 응원해 줘서 힘이 나. 고마워, 선생
2026-07-17 20:33:46.468 [배달시도] hoshino reason=live msgs=3 | 으헤헤, 아조씨라니! 선생도 참, 별 / 고마워, 선생. 훈련은 무사히 잘 마 / 이제 배도 든든하게 채웠고, 느긋하게
2026-07-17 20:34:17.420 [배달시도] hoshino reason=live msgs=3 | 으헤, 우리 선생은 오늘도 고생이 많 / 그래도 그렇게 말해주니까 이 아저씨, / 아, 으, 으응…… 고, 고마워. 선
2026-07-17 21:25:05.882 [배달시도] kuroko reason=proactive msgs=2 | 선생님. / 벌써 밤이 깊었네요. 지금 뭐 하고 
2026-07-17 21:38:30.950 [배달시도] hoshino reason=proactive msgs=2 | 선생, 지금 뭐 해? / 학교 애들 다 집에 보내고 나니까 갑
2026-07-17 21:49:12.917 [배달시도] serika reason=proactive msgs=2 | 선생님! / 지금 시바세키 라멘에서 마감 정리 중
2026-07-17 22:19:05.153 [배달시도] nonomi reason=proactive msgs=2 | 선생님, 아직 깨어 계신가요? / 오늘 훈련이 고됐는지, 오셀로 특훈을
2026-07-17 22:30:07.805 [배달시도] ayane reason=proactive msgs=2 | 선생님, 아직 안 주무시고 계세요? / 오늘 하루 종일 훈련이랑 정비 때문에
